{"level":"info","message":"Hello from Acquisitios!","service":"acquisition-api","timestamp":"2026-04-28T14:27:00.039Z"}
{"level":"info","message":"::1 - - [28/Apr/2026:14:27:00 +0000] \"GET / HTTP/1.1\" 304 - \"-\" \"Mozilla/5.0 (X11; Linux x86_64) AppleWebKit/537.36 (KHTML, like Gecko) Chrome/147.0.0.0 Safari/537.36\"","service":"acquisition-api","timestamp":"2026-04-28T14:27:00.043Z"}
{"level":"info","message":"::1 - - [28/Apr/2026:14:27:00 +0000] \"GET /favicon.ico HTTP/1.1\" 404 150 \"-\" \"Mozilla/5.0 (X11; Linux x86_64) AppleWebKit/537.36 (KHTML, like Gecko) Chrome/147.0.0.0 Safari/537.36\"","service":"acquisition-api","timestamp":"2026-04-28T14:27:00.319Z"}
{"level":"info","message":"::1 - - [29/Apr/2026:23:07:40 +0000] \"GET /health HTTP/1.1\" 200 76 \"-\" \"PostmanRuntime/7.49.1\"","service":"acquisition-api","timestamp":"2026-04-29T23:07:40.307Z"}
{"level":"info","message":"::1 - - [29/Apr/2026:23:08:30 +0000] \"GET /api/auth/sign-out HTTP/1.1\" 404 156 \"-\" \"PostmanRuntime/7.49.1\"","service":"acquisition-api","timestamp":"2026-04-29T23:08:30.832Z"}
{"level":"info","message":"::1 - - [29/Apr/2026:23:09:12 +0000] \"POST /api/auth/sign-out HTTP/1.1\" 200 32 \"-\" \"PostmanRuntime/7.49.1\"","service":"acquisition-api","timestamp":"2026-04-29T23:09:12.019Z"}
{"level":"error","message":"error","service":"acquisition-api","timestamp":"2026-04-30T22:01:33.952Z"}
{"level":"info","message":"::1 - - [30/Apr/2026:22:01:33 +0000] \"POST /api/auth/sign-up HTTP/1.1\" 500 1179 \"-\" \"PostmanRuntime/7.49.1\"","service":"acquisition-api","timestamp":"2026-04-30T22:01:33.955Z"}
{"level":"error","message":"error","service":"acquisition-api","timestamp":"2026-04-30T22:03:40.858Z"}
{"level":"info","message":"::1 - - [30/Apr/2026:22:03:40 +0000] \"POST /api/auth/sign-up HTTP/1.1\" 400 1190 \"-\" \"PostmanRuntime/7.49.1\"","service":"acquisition-api","timestamp":"2026-04-30T22:03:40.861Z"}
{"level":"info","message":"::1 - - [30/Apr/2026:22:05:44 +0000] \"POST /api/auth/sign-up HTTP/1.1\" 400 92 \"-\" \"PostmanRuntime/7.49.1\"","service":"acquisition-api","timestamp":"2026-04-30T22:05:44.393Z"}
{"ip":"::1","level":"warn","message":"Bot request blocked:","path":"/health","service":"acquisition-api","timestamp":"2026-05-01T11:23:34.390Z","userAgent":"PostmanRuntime/7.49.1"}
{"level":"info","message":"::1 - - [01/May/2026:11:23:34 +0000] \"POST /health HTTP/1.1\" 403 67 \"-\" \"PostmanRuntime/7.49.1\"","service":"acquisition-api","timestamp":"2026-05-01T11:23:34.394Z"}
{"ip":"::1","level":"warn","message":"Bot request blocked:","path":"/health","service":"acquisition-api","timestamp":"2026-05-01T11:26:40.416Z","userAgent":"PostmanRuntime/7.49.1"}
{"level":"info","message":"::1 - - [01/May/2026:11:26:40 +0000] \"POST /health HTTP/1.1\" 403 67 \"-\" \"PostmanRuntime/7.49.1\"","service":"acquisition-api","timestamp":"2026-05-01T11:26:40.419Z"}
{"ip":"::1","level":"warn","message":"Bot request blocked:","path":"/health","service":"acquisition-api","timestamp":"2026-05-01T11:26:43.955Z","userAgent":"PostmanRuntime/7.49.1"}
{"level":"info","message":"::1 - - [01/May/2026:11:26:43 +0000] \"POST /health HTTP/1.1\" 403 67 \"-\" \"PostmanRuntime/7.49.1\"","service":"acquisition-api","timestamp":"2026-05-01T11:26:43.955Z"}
{"level":"info","message":"::1 - - [01/May/2026:11:27:35 +0000] \"POST /health HTTP/1.1\" 404 146 \"-\" \"PostmanRuntime/7.49.1\"","service":"acquisition-api","timestamp":"2026-05-01T11:27:35.099Z"}
{"level":"info","message":"::1 - - [01/May/2026:11:28:13 +0000] \"GET /health HTTP/1.1\" 200 75 \"-\" \"PostmanRuntime/7.49.1\"","service":"acquisition-api","timestamp":"2026-05-01T11:28:13.164Z"}
{"ip":"::1","level":"warn","message":"Bot request blocked:","path":"/health","service":"acquisition-api","timestamp":"2026-05-01T11:28:25.476Z","userAgent":"PostmanRuntime/7.49.1"}
{"level":"info","message":"::1 - - [01/May/2026:11:28:25 +0000] \"GET /health HTTP/1.1\" 403 67 \"-\" \"PostmanRuntime/7.49.1\"","service":"acquisition-api","timestamp":"2026-05-01T11:28:25.479Z"}
{"ip":"::1","level":"warn","message":"Bot request blocked:","path":"/health","service":"acquisition-api","timestamp":"2026-05-01T11:28:30.479Z","userAgent":"PostmanRuntime/7.49.1"}
{"level":"info","message":"::1 - - [01/May/2026:11:28:30 +0000] \"GET /health HTTP/1.1\" 403 67 \"-\" \"PostmanRuntime/7.49.1\"","service":"acquisition-api","timestamp":"2026-05-01T11:28:30.480Z"}
{"ip":"::1","level":"warn","message":"Bot request blocked:","path":"/health","service":"acquisition-api","timestamp":"2026-05-01T11:28:31.115Z","userAgent":"PostmanRuntime/7.49.1"}
{"level":"info","message":"::1 - - [01/May/2026:11:28:31 +0000] \"GET /health HTTP/1.1\" 403 67 \"-\" \"PostmanRuntime/7.49.1\"","service":"acquisition-api","timestamp":"2026-05-01T11:28:31.116Z"}
{"ip":"::1","level":"warn","message":"Bot request blocked:","path":"/health","service":"acquisition-api","timestamp":"2026-05-01T11:28:31.638Z","userAgent":"PostmanRuntime/7.49.1"}
{"level":"info","message":"::1 - - [01/May/2026:11:28:31 +0000] \"GET /health HTTP/1.1\" 403 67 \"-\" \"PostmanRuntime/7.49.1\"","service":"acquisition-api","timestamp":"2026-05-01T11:28:31.639Z"}
{"ip":"::1","level":"warn","message":"Bot request blocked:","path":"/health","service":"acquisition-api","timestamp":"2026-05-01T11:28:32.177Z","userAgent":"PostmanRuntime/7.49.1"}
{"level":"info","message":"::1 - - [01/May/2026:11:28:32 +0000] \"GET /health HTTP/1.1\" 403 67 \"-\" \"PostmanRuntime/7.49.1\"","service":"acquisition-api","timestamp":"2026-05-01T11:28:32.178Z"}
{"level":"info","message":"::1 - - [01/May/2026:11:28:39 +0000] \"GET /health HTTP/1.1\" 200 75 \"-\" \"PostmanRuntime/7.49.1\"","service":"acquisition-api","timestamp":"2026-05-01T11:28:39.344Z"}
{"level":"info","message":"::1 - - [01/May/2026:11:28:40 +0000] \"GET /health HTTP/1.1\" 200 75 \"-\" \"PostmanRuntime/7.49.1\"","service":"acquisition-api","timestamp":"2026-05-01T11:28:40.103Z"}
{"level":"info","message":"::1 - - [01/May/2026:11:28:40 +0000] \"GET /health HTTP/1.1\" 200 75 \"-\" \"PostmanRuntime/7.49.1\"","service":"acquisition-api","timestamp":"2026-05-01T11:28:40.702Z"}
{"level":"info","message":"::1 - - [01/May/2026:11:28:41 +0000] \"GET /health HTTP/1.1\" 200 75 \"-\" \"PostmanRuntime/7.49.1\"","service":"acquisition-api","timestamp":"2026-05-01T11:28:41.258Z"}
{"level":"info","message":"::1 - - [01/May/2026:11:28:41 +0000] \"GET /health HTTP/1.1\" 200 75 \"-\" \"PostmanRuntime/7.49.1\"","service":"acquisition-api","timestamp":"2026-05-01T11:28:41.803Z"}
{"level":"info","message":"::1 - - [01/May/2026:11:28:42 +0000] \"GET /health HTTP/1.1\" 200 75 \"-\" \"PostmanRuntime/7.49.1\"","service":"acquisition-api","timestamp":"2026-05-01T11:28:42.399Z"}
{"level":"info","message":"::1 - - [01/May/2026:11:28:42 +0000] \"GET /health HTTP/1.1\" 200 75 \"-\" \"PostmanRuntime/7.49.1\"","service":"acquisition-api","timestamp":"2026-05-01T11:28:42.986Z"}
{"level":"info","message":"::1 - - [01/May/2026:11:28:43 +0000] \"GET /health HTTP/1.1\" 200 75 \"-\" \"PostmanRuntime/7.49.1\"","service":"acquisition-api","timestamp":"2026-05-01T11:28:43.556Z"}
{"level":"info","message":"::1 - - [01/May/2026:11:28:46 +0000] \"GET /health HTTP/1.1\" 200 75 \"-\" \"PostmanRuntime/7.49.1\"","service":"acquisition-api","timestamp":"2026-05-01T11:28:46.476Z"}
{"level":"info","message":"::1 - - [01/May/2026:11:28:47 +0000] \"GET /health HTTP/1.1\" 200 75 \"-\" \"PostmanRuntime/7.49.1\"","service":"acquisition-api","timestamp":"2026-05-01T11:28:47.016Z"}
{"level":"info","message":"::1 - - [01/May/2026:11:28:47 +0000] \"GET /health HTTP/1.1\" 200 75 \"-\" \"PostmanRuntime/7.49.1\"","service":"acquisition-api","timestamp":"2026-05-01T11:28:47.491Z"}
{"level":"info","message":"::1 - - [01/May/2026:11:28:48 +0000] \"GET /health HTTP/1.1\" 200 76 \"-\" \"PostmanRuntime/7.49.1\"","service":"acquisition-api","timestamp":"2026-05-01T11:28:48.001Z"}
{"level":"info","message":"::1 - - [01/May/2026:11:28:48 +0000] \"GET /health HTTP/1.1\" 200 76 \"-\" \"PostmanRuntime/7.49.1\"","service":"acquisition-api","timestamp":"2026-05-01T11:28:48.503Z"}
{"level":"info","message":"::1 - - [01/May/2026:11:28:49 +0000] \"GET /health HTTP/1.1\" 200 76 \"-\" \"PostmanRuntime/7.49.1\"","service":"acquisition-api","timestamp":"2026-05-01T11:28:49.003Z"}
{"level":"info","message":"::1 - - [01/May/2026:11:28:49 +0000] \"GET /health HTTP/1.1\" 200 76 \"-\" \"PostmanRuntime/7.49.1\"","service":"acquisition-api","timestamp":"2026-05-01T11:28:49.746Z"}
{"level":"info","message":"::1 - - [01/May/2026:11:28:50 +0000] \"GET /health HTTP/1.1\" 200 76 \"-\" \"PostmanRuntime/7.49.1\"","service":"acquisition-api","timestamp":"2026-05-01T11:28:50.329Z"}
{"level":"info","message":"::1 - - [01/May/2026:11:28:50 +0000] \"GET /health HTTP/1.1\" 200 76 \"-\" \"PostmanRuntime/7.49.1\"","service":"acquisition-api","timestamp":"2026-05-01T11:28:50.872Z"}
{"level":"info","message":"::1 - - [01/May/2026:11:28:51 +0000] \"GET /health HTTP/1.1\" 200 76 \"-\" \"PostmanRuntime/7.49.1\"","service":"acquisition-api","timestamp":"2026-05-01T11:28:51.387Z"}
{"level":"info","message":"::1 - - [01/May/2026:11:28:51 +0000] \"GET /health HTTP/1.1\" 200 76 \"-\" \"PostmanRuntime/7.49.1\"","service":"acquisition-api","timestamp":"2026-05-01T11:28:51.836Z"}
{"level":"info","message":"::1 - - [01/May/2026:11:28:52 +0000] \"GET /health HTTP/1.1\" 200 75 \"-\" \"PostmanRuntime/7.49.1\"","service":"acquisition-api","timestamp":"2026-05-01T11:28:52.282Z"}
{"level":"info","message":"::1 - - [01/May/2026:11:28:52 +0000] \"GET /health HTTP/1.1\" 200 76 \"-\" \"PostmanRuntime/7.49.1\"","service":"acquisition-api","timestamp":"2026-05-01T11:28:52.580Z"}
{"level":"info","message":"::1 - - [01/May/2026:11:28:53 +0000] \"GET /health HTTP/1.1\" 200 76 \"-\" \"PostmanRuntime/7.49.1\"","service":"acquisition-api","timestamp":"2026-05-01T11:28:53.329Z"}
{"level":"info","message":"::1 - - [01/May/2026:11:29:08 +0000] \"GET /health HTTP/1.1\" 200 75 \"-\" \"PostmanRuntime/7.49.1\"","service":"acquisition-api","timestamp":"2026-05-01T11:29:08.577Z"}
{"level":"info","message":"::1 - - [01/May/2026:11:29:10 +0000] \"GET /health HTTP/1.1\" 200 76 \"-\" \"PostmanRuntime/7.49.1\"","service":"acquisition-api","timestamp":"2026-05-01T11:29:10.350Z"}
{"level":"info","message":"::1 - - [01/May/2026:11:29:10 +0000] \"GET /health HTTP/1.1\" - - \"-\" \"PostmanRuntime/7.49.1\"","service":"acquisition-api","timestamp":"2026-05-01T11:29:10.781Z"}
{"ip":"::1","level":"warn","message":"Bot request blocked:","path":"/health","service":"acquisition-api","timestamp":"2026-05-01T11:30:10.724Z","userAgent":"PostmanRuntime/7.49.1"}
{"level":"info","message":"::1 - - [01/May/2026:11:30:10 +0000] \"GET /health HTTP/1.1\" 403 67 \"-\" \"PostmanRuntime/7.49.1\"","service":"acquisition-api","timestamp":"2026-05-01T11:30:10.727Z"}
